// Jest Snapshot v1, https://goo.gl/fbAQLP

exports[`Button should render correctly 1`] = `
<button
  className="Button"
/>
`;

exports[`Error List should render correctly 1`] = `
<ul
  className="list"
>
  <li
    key="error_0_ddd"
  >
    ddd
  </li>
</ul>
`;
